[deep-tech-startup-jjto1.codedesign.app/index.html]
[backblue.gif]
[fade.gif]
[index.html]
[use.fontawesome.com/releases/v5.15.4/css/all.css]
[deep-tech-startup-jjto1.codedesign.app/_next/static/css/346b9fe967711a57.css]
[deep-tech-startup-jjto1.codedesign.app/_next/static/chunks/polyfills-a40ef1678bae11e696dba45124eadd70.js]
[deep-tech-startup-jjto1.codedesign.app/_next/static/chunks/webpack-2e52859dadb07ea3.js]
[deep-tech-startup-jjto1.codedesign.app/_next/static/chunks/framework-092837ea0334d9b5.js]
[deep-tech-startup-jjto1.codedesign.app/_next/static/chunks/main-3ff82a6967839010.js]
[deep-tech-startup-jjto1.codedesign.app/_next/static/chunks/pages/[[...slug]]-5fb8df814d4d84e1.js]
[deep-tech-startup-jjto1.codedesign.app/_next/static/qIfS1wSRnwkzgJ2WzS_sU/_buildManifest.js]
[deep-tech-startup-jjto1.codedesign.app/_next/static/qIfS1wSRnwkzgJ2WzS_sU/_ssgManifest.js]
[deep-tech-startup-jjto1.codedesign.app/_next/static/chunks/pages/_app-c637193fff8ef982.js]
[deep-tech-startup-jjto1.codedesign.app/_next/static/qIfS1wSRnwkzgJ2WzS_sU/_middlewareManifest.js]
[res.cloudinary.com/dbyioi2qq/q_auto/v1692274782/static/stable-diffusion-xl_clipdrop-background-removalpng_1692274781_34047.png]
[res.cloudinary.com/storylens/image/upload/v1692274403/rkmtvoiksdjqwwfvpt4y.jpg]
[res.cloudinary.com/dbyioi2qq/q_auto/v1692274879/static/alfiano-sutianto-exfdowkybqw-unsplashfazk_1692274879_93470.jpg]
[res.cloudinary.com/storylens/image/upload/v1692274403/f11hd9g6ulny8xrdwpun.jpg]
[res.cloudinary.com/storylens/image/upload/v1692274403/sz0yrqiionijwynpkgv3.jpg]
[res.cloudinary.com/dbyioi2qq/q_auto/v1692274979/static/imageying_1692274979_84823.jpg]
[res.cloudinary.com/dbyioi2qq/q_auto/v1692274530/static/rusty-watson-qy6qocitdh0-unsplash-1y75c_1692274529_47756.jpg]
[res.cloudinary.com/dbyioi2qq/q_auto/v1692274558/static/rusty-watson-qy6qocitdh0-unsplash-1gjym_1692274558_88546.jpg]
[res.cloudinary.com/dbyioi2qq/q_auto/v1692274639/static/rusty-watson-qy6qocitdh0-unsplash-1kiy6_1692274635_81352.jpg]
[res.cloudinary.com/storylens/image/upload/v1692274403/qcm2ftb4aronyqxopeg2.jpg]
[res.cloudinary.com/storylens/image/upload/v1692274403/tq7kwqjtyylml69edlv7.jpg]
[deep-tech-startup-jjto1.codedesign.app/index.html]
[use.fontawesome.com/releases/v5.15.4/webfonts/fa-brands-400.svg]
[use.fontawesome.com/releases/v5.15.4/webfonts/fa-regular-400.svg]
[use.fontawesome.com/releases/v5.15.4/css/all.css]
[deep-tech-startup-jjto1.codedesign.app/_next/static/css/346b9fe967711a57.css]
[res.cloudinary.com/dbyioi2qq/q_auto/v1688108670/static/component-126-2svg_1688108561_26947.svg]
[use.fontawesome.com/releases/v5.15.4/webfonts/fa-brands-400.svg]
[use.fontawesome.com/releases/v5.15.4/webfonts/fa-regular-400.svg]
[use.fontawesome.com/releases/v5.15.4/webfonts/fa-solid-900.svg]
[use.fontawesome.com/releases/v5.15.4/webfonts/fa-solid-900.svg]
